python : Creating test database for alias 'default' ('file:memorydb_default?mode=memory&cache=shared')...
At line:1 char:1
+ python manage.py test core.tests -v 2 > test_report.txt 2>&1
+ ~~~~~~~~~~~~~~~~~~~~~~~~~~~~~~~~~~~~~~~~~~~~~~~~~~~~~~~~~~~~
    + CategoryInfo          : NotSpecified: (Creating test d...che=shared')...:String) [], RemoteException
    + FullyQualifiedErrorId : NativeCommandError
 

Found 30 test(s).
Operations to perform:
  Synchronize unmigrated apps: messages, staticfiles
  Apply all migrations: admin, auth, contenttypes, core, sessions
Synchronizing apps without migrations:
  Creating tables...
    Running deferred SQL...
Running migrations:
  Applying contenttypes.0001_initial... OK
  Applying auth.0001_initial... OK
  Applying admin.0001_initial... OK
  Applying admin.0002_logentry_remove_auto_add... OK
  Applying admin.0003_logentry_add_action_flag_choices... OK
  Applying contenttypes.0002_remove_content_type_name... OK
  Applying auth.0002_alter_permission_name_max_length... OK
  Applying auth.0003_alter_user_email_max_length... OK
  Applying auth.0004_alter_user_username_opts... OK
  Applying auth.0005_alter_user_last_login_null... OK
  Applying auth.0006_require_contenttypes_0002... OK
  Applying auth.0007_alter_validators_add_error_messages... OK
  Applying auth.0008_alter_user_username_max_length... OK
  Applying auth.0009_alter_user_last_name_max_length... OK
  Applying auth.0010_alter_group_name_max_length... OK
  Applying auth.0011_update_proxy_permissions... OK
  Applying auth.0012_alter_user_first_name_max_length... OK
  Applying core.0001_initial... OK
test_06_hostel_created (core.tests.HostelModelTest.test_06_hostel_created) ... ok
test_07_hostel_title (core.tests.HostelModelTest.test_07_hostel_title) ... ok
test_08_hostel_location (core.tests.HostelModelTest.test_08_hostel_location) ... ok
test_09_hostel_price (core.tests.HostelModelTest.test_09_hostel_price) ... ok
test_10_hostel_gender (core.tests.HostelModelTest.test_10_hostel_gender) ... ok
test_11_hostel_stars (core.tests.HostelModelTest.test_11_hostel_stars) ... ok
test_12_hostel_wifi (core.tests.HostelModelTest.test_12_hostel_wifi) ... ok
test_13_hostel_food_false (core.tests.HostelModelTest.test_13_hostel_food_false) ... ok
test_14_hostel_str (core.tests.HostelModelTest.test_14_hostel_str) ... ok
test_15_hostel_owner_linked (core.tests.HostelModelTest.test_15_hostel_owner_linked) ... ok
test_16_owner_delete_cascades (core.tests.HostelModelTest.test_16_owner_delete_cascades) ... ok
test_01_owner_created (core.tests.OwnerModelTest.test_01_owner_created) ... ok
test_02_owner_name (core.tests.OwnerModelTest.test_02_owner_name) ... ok
test_03_owner_phone (core.tests.OwnerModelTest.test_03_owner_phone) ... ok
test_04_owner_email (core.tests.OwnerModelTest.test_04_owner_email) ... ok
test_05_owner_str (core.tests.OwnerModelTest.test_05_owner_str) ... ok
test_17_front_page_url (core.tests.URLTest.test_17_front_page_url) ... ok
test_18_registration_url (core.tests.URLTest.test_18_registration_url) ... ok
test_19_login_url (core.tests.URLTest.test_19_login_url) ... ok
test_20_forget_password_url (core.tests.URLTest.test_20_forget_password_url) ... ok
test_21_dashboard_url (core.tests.URLTest.test_21_dashboard_url) ... ok
test_22_hostel_list_url (core.tests.URLTest.test_22_hostel_list_url) ... ok
test_23_front_page_status (core.tests.ViewTest.test_23_front_page_status) ... ok
test_24_front_page_template (core.tests.ViewTest.test_24_front_page_template) ... ok
test_25_registration_status (core.tests.ViewTest.test_25_registration_status) ... ok
test_26_registration_template (core.tests.ViewTest.test_26_registration_template) ... ok
test_27_login_status (core.tests.ViewTest.test_27_login_status) ... ok
test_28_login_template (core.tests.ViewTest.test_28_login_template) ... ok
test_29_dashboard_status (core.tests.ViewTest.test_29_dashboard_status) ... ok
test_30_unknown_url_404 (core.tests.ViewTest.test_30_unknown_url_404) ... ok

----------------------------------------------------------------------
Ran 30 tests in 0.110s

OK
Destroying test database for alias 'default' ('file:memorydb_default?mode=memory&cache=shared')...

  Applying sessions.0001_initial... OK
System check identified no issues (0 silenced).
